>>>> [1] batman <<<<
terminate called after throwing an instance of 'std::runtime_error'
  what():  ./output/batman.png: could not load image!
>>>> [2] batman_2 <<<<
terminate called after throwing an instance of 'std::runtime_error'
  what():  ./output/batman_2.png: could not load image!
>>>> [3] blank_1 <<<<
terminate called after throwing an instance of 'std::runtime_error'
  what():  ./output/blank_1.png: could not load image!
>>>> [4] blank_2 <<<<
terminate called after throwing an instance of 'std::runtime_error'
  what():  ./output/blank_2.png: could not load image!
>>>> [5] circle_1 <<<<
terminate called after throwing an instance of 'std::runtime_error'
  what():  ./output/circle_1.png: could not load image!
>>>> [6] circle_2 <<<<
terminate called after throwing an instance of 'std::runtime_error'
  what():  ./output/circle_2.png: could not load image!
>>>> [7] ellipse_1 <<<<
terminate called after throwing an instance of 'std::runtime_error'
  what():  ./output/ellipse_1.png: could not load image!
>>>> [8] ellipse_2 <<<<
terminate called after throwing an instance of 'std::runtime_error'
  what():  ./output/ellipse_2.png: could not load image!
>>>> [9] group_1 <<<<
terminate called after throwing an instance of 'std::runtime_error'
  what():  ./output/group_1.png: could not load image!
>>>> [10] group_2 <<<<
terminate called after throwing an instance of 'std::runtime_error'
  what():  ./output/group_2.png: could not load image!
>>>> [11] group_3 <<<<
terminate called after throwing an instance of 'std::runtime_error'
  what():  ./output/group_3.png: could not load image!
>>>> [12] group_4 <<<<
terminate called after throwing an instance of 'std::runtime_error'
  what():  ./output/group_4.png: could not load image!
>>>> [13] group_5 <<<<
terminate called after throwing an instance of 'std::runtime_error'
  what():  ./output/group_5.png: could not load image!
>>>> [14] group_6 <<<<
terminate called after throwing an instance of 'std::runtime_error'
  what():  ./output/group_6.png: could not load image!
>>>> [15] group_7 <<<<
terminate called after throwing an instance of 'std::runtime_error'
  what():  ./output/group_7.png: could not load image!
>>>> [16] line_1 <<<<
terminate called after throwing an instance of 'std::runtime_error'
  what():  ./output/line_1.png: could not load image!
>>>> [17] line_2 <<<<
terminate called after throwing an instance of 'std::runtime_error'
  what():  ./output/line_2.png: could not load image!
>>>> [18] lion <<<<
terminate called after throwing an instance of 'std::runtime_error'
  what():  ./output/lion.png: could not load image!
>>>> [19] polygon_1 <<<<
terminate called after throwing an instance of 'std::runtime_error'
  what():  ./output/polygon_1.png: could not load image!
>>>> [20] polygon_2 <<<<
terminate called after throwing an instance of 'std::runtime_error'
  what():  ./output/polygon_2.png: could not load image!
>>>> [21] polyline_1 <<<<
terminate called after throwing an instance of 'std::runtime_error'
  what():  ./output/polyline_1.png: could not load image!
>>>> [22] polyline_2 <<<<
terminate called after throwing an instance of 'std::runtime_error'
  what():  ./output/polyline_2.png: could not load image!
>>>> [23] polyline_3 <<<<
terminate called after throwing an instance of 'std::runtime_error'
  what():  ./output/polyline_3.png: could not load image!
>>>> [24] rect_1 <<<<
terminate called after throwing an instance of 'std::runtime_error'
  what():  ./output/rect_1.png: could not load image!
>>>> [25] rect_2 <<<<
terminate called after throwing an instance of 'std::runtime_error'
  what():  ./output/rect_2.png: could not load image!
>>>> [26] rect_3 <<<<
terminate called after throwing an instance of 'std::runtime_error'
  what():  ./output/rect_3.png: could not load image!
>>>> [27] rotate_circle <<<<
terminate called after throwing an instance of 'std::runtime_error'
  what():  ./output/rotate_circle.png: could not load image!
>>>> [28] rotate_circle_with_origin <<<<
terminate called after throwing an instance of 'std::runtime_error'
  what():  ./output/rotate_circle_with_origin.png: could not load image!
>>>> [29] rotate_line <<<<
terminate called after throwing an instance of 'std::runtime_error'
  what():  ./output/rotate_line.png: could not load image!
>>>> [30] rotate_line_with_origin <<<<
terminate called after throwing an instance of 'std::runtime_error'
  what():  ./output/rotate_line_with_origin.png: could not load image!
>>>> [31] rotate_polygon <<<<
terminate called after throwing an instance of 'std::runtime_error'
  what():  ./output/rotate_polygon.png: could not load image!
>>>> [32] rotate_polygon_with_origin <<<<
terminate called after throwing an instance of 'std::runtime_error'
  what():  ./output/rotate_polygon_with_origin.png: could not load image!
>>>> [33] rotate_polyline <<<<
terminate called after throwing an instance of 'std::runtime_error'
  what():  ./output/rotate_polyline.png: could not load image!
>>>> [34] rotate_polyline_with_origin <<<<
terminate called after throwing an instance of 'std::runtime_error'
  what():  ./output/rotate_polyline_with_origin.png: could not load image!
>>>> [35] rotate_rect <<<<
terminate called after throwing an instance of 'std::runtime_error'
  what():  ./output/rotate_rect.png: could not load image!
>>>> [36] rotate_rect_with_origin <<<<
terminate called after throwing an instance of 'std::runtime_error'
  what():  ./output/rotate_rect_with_origin.png: could not load image!
>>>> [37] scale_circle <<<<
terminate called after throwing an instance of 'std::runtime_error'
  what():  ./output/scale_circle.png: could not load image!
>>>> [38] scale_circle_with_origin <<<<
terminate called after throwing an instance of 'std::runtime_error'
  what():  ./output/scale_circle_with_origin.png: could not load image!
>>>> [39] scale_ellipse <<<<
terminate called after throwing an instance of 'std::runtime_error'
  what():  ./output/scale_ellipse.png: could not load image!
>>>> [40] scale_ellipse_with_origin <<<<
terminate called after throwing an instance of 'std::runtime_error'
  what():  ./output/scale_ellipse_with_origin.png: could not load image!
>>>> [41] scale_line <<<<
terminate called after throwing an instance of 'std::runtime_error'
  what():  ./output/scale_line.png: could not load image!
>>>> [42] scale_line_with_origin <<<<
terminate called after throwing an instance of 'std::runtime_error'
  what():  ./output/scale_line_with_origin.png: could not load image!
>>>> [43] scale_polygon <<<<
terminate called after throwing an instance of 'std::runtime_error'
  what():  ./output/scale_polygon.png: could not load image!
>>>> [44] scale_polygon_with_origin <<<<
terminate called after throwing an instance of 'std::runtime_error'
  what():  ./output/scale_polygon_with_origin.png: could not load image!
>>>> [45] scale_polyline <<<<
terminate called after throwing an instance of 'std::runtime_error'
  what():  ./output/scale_polyline.png: could not load image!
>>>> [46] scale_polyline_with_origin <<<<
terminate called after throwing an instance of 'std::runtime_error'
  what():  ./output/scale_polyline_with_origin.png: could not load image!
>>>> [47] scale_rect <<<<
terminate called after throwing an instance of 'std::runtime_error'
  what():  ./output/scale_rect.png: could not load image!
>>>> [48] scale_rect_with_origin <<<<
terminate called after throwing an instance of 'std::runtime_error'
  what():  ./output/scale_rect_with_origin.png: could not load image!
>>>> [49] transform_several <<<<
terminate called after throwing an instance of 'std::runtime_error'
  what():  ./output/transform_several.png: could not load image!
>>>> [50] translate_circle <<<<
terminate called after throwing an instance of 'std::runtime_error'
  what():  ./output/translate_circle.png: could not load image!
>>>> [51] translate_ellipse <<<<
terminate called after throwing an instance of 'std::runtime_error'
  what():  ./output/translate_ellipse.png: could not load image!
>>>> [52] translate_line <<<<
terminate called after throwing an instance of 'std::runtime_error'
  what():  ./output/translate_line.png: could not load image!
>>>> [53] translate_polygon <<<<
terminate called after throwing an instance of 'std::runtime_error'
  what():  ./output/translate_polygon.png: could not load image!
>>>> [54] translate_polyline <<<<
terminate called after throwing an instance of 'std::runtime_error'
  what():  ./output/translate_polyline.png: could not load image!
>>>> [55] translate_rect <<<<
terminate called after throwing an instance of 'std::runtime_error'
  what():  ./output/translate_rect.png: could not load image!
>>>> [56] use_1 <<<<
terminate called after throwing an instance of 'std::runtime_error'
  what():  ./output/use_1.png: could not load image!
>>>> [57] use_2 <<<<
terminate called after throwing an instance of 'std::runtime_error'
  what():  ./output/use_2.png: could not load image!
>>>> [58] use_3 <<<<
terminate called after throwing an instance of 'std::runtime_error'
  what():  ./output/use_3.png: could not load image!
>>>> [59] use_4 <<<<
terminate called after throwing an instance of 'std::runtime_error'
  what():  ./output/use_4.png: could not load image!
>>>> [60] use_5 <<<<
terminate called after throwing an instance of 'std::runtime_error'
  what():  ./output/use_5.png: could not load image!
>>>> [61] use_6 <<<<
terminate called after throwing an instance of 'std::runtime_error'
  what():  ./output/use_6.png: could not load image!
